// Jest Snapshot v1, https://goo.gl/fbAQLP

exports[`Given the TaskCounter component should render 1`] = `
<span
  class="counter-label"
>
  No tasks left
</span>
`;
